<testsuites id="" name="" tests="70" failures="15" skipped="0" errors="0" time="313.61396">
<testsuite name="basic.spec.ts" timestamp="2025-07-24T07:22:35.384Z" hostname="chromium" tests="14" failures="2" skipped="0" time="152.459" errors="0">
<testcase name="Home Page › should load the home page successfully" classname="basic.spec.ts" time="17.534">
</testcase>
<testcase name="Home Page › should have working navigation" classname="basic.spec.ts" time="17.379">
</testcase>
<testcase name="Home Page › should be responsive" classname="basic.spec.ts" time="17.82">
</testcase>
<testcase name="Search Functionality › should perform basic search" classname="basic.spec.ts" time="15.421">
<failure message="basic.spec.ts:51:7 should perform basic search" type="FAILURE">
<![CDATA[  [chromium] › basic.spec.ts:51:7 › Search Functionality › should perform basic search ─────────────

    Error: expect(received).toContain(expected) // indexOf

    Expected substring: "Warsaw"
    Received string:    "http://localhost:3000/"

      65 |     // Check if we're on a results page or have results
      66 |     const currentUrl = page.url();
    > 67 |     expect(currentUrl).toContain('Warsaw');
         |                        ^
      68 |   });
      69 |
      70 |   test('should show search suggestions', async ({ page }) => {
        at /Users/ciepolml/Projects/school-finder/mc-fullpower-01/school-finder-production/tests/e2e/basic.spec.ts:67:24

    attachment #1: screenshot (image/png) ──────────────────────────────────────────────────────────
    ../../test-results/basic-Search-Functionality-should-perform-basic-search-chromium/test-failed-1.png
    ────────────────────────────────────────────────────────────────────────────────────────────────

    attachment #2: video (video/webm) ──────────────────────────────────────────────────────────────
    ../../test-results/basic-Search-Functionality-should-perform-basic-search-chromium/video.webm
    ────────────────────────────────────────────────────────────────────────────────────────────────

    Error Context: ../../test-results/basic-Search-Functionality-should-perform-basic-search-chromium/error-context.md
]]>
</failure>
<system-out>
<![CDATA[
[[ATTACHMENT|basic-Search-Functionality-should-perform-basic-search-chromium/test-failed-1.png]]

[[ATTACHMENT|basic-Search-Functionality-should-perform-basic-search-chromium/video.webm]]

[[ATTACHMENT|basic-Search-Functionality-should-perform-basic-search-chromium/error-context.md]]
]]>
</system-out>
</testcase>
<testcase name="Search Functionality › should show search suggestions" classname="basic.spec.ts" time="4.116">
</testcase>
<testcase name="School Pages › should load school listing page" classname="basic.spec.ts" time="17.411">
<failure message="basic.spec.ts:88:7 should load school listing page" type="FAILURE">
<![CDATA[  [chromium] › basic.spec.ts:88:7 › School Pages › should load school listing page ─────────────────

    Error: Timed out 5000ms waiting for expect(page).toHaveTitle(expected)

    Expected pattern: /Schools/
    Received string:  "School Finder - Znajdź idealną szkołę dla swojego dziecka"
    Call log:
      - Expect "toHaveTitle" with timeout 5000ms
        8 × unexpected value "School Finder - Znajdź idealną szkołę dla swojego dziecka"


      90 |     
      91 |     // Check if page loads
    > 92 |     await expect(page).toHaveTitle(/Schools/);
         |                        ^
      93 |     
      94 |     // Check for school cards or listings
      95 |     const schoolElements = page.locator('[data-testid="school-card"], .school-card, article');
        at /Users/ciepolml/Projects/school-finder/mc-fullpower-01/school-finder-production/tests/e2e/basic.spec.ts:92:24

    attachment #1: screenshot (image/png) ──────────────────────────────────────────────────────────
    ../../test-results/basic-School-Pages-should-load-school-listing-page-chromium/test-failed-1.png
    ────────────────────────────────────────────────────────────────────────────────────────────────

    attachment #2: video (video/webm) ──────────────────────────────────────────────────────────────
    ../../test-results/basic-School-Pages-should-load-school-listing-page-chromium/video.webm
    ────────────────────────────────────────────────────────────────────────────────────────────────

    Error Context: ../../test-results/basic-School-Pages-should-load-school-listing-page-chromium/error-context.md
]]>
</failure>
<system-out>
<![CDATA[
[[ATTACHMENT|basic-School-Pages-should-load-school-listing-page-chromium/test-failed-1.png]]

[[ATTACHMENT|basic-School-Pages-should-load-school-listing-page-chromium/video.webm]]

[[ATTACHMENT|basic-School-Pages-should-load-school-listing-page-chromium/error-context.md]]
]]>
</system-out>
</testcase>
<testcase name="School Pages › should have working filters" classname="basic.spec.ts" time="13.101">
</testcase>
<testcase name="Authentication › should navigate to login page" classname="basic.spec.ts" time="4.026">
</testcase>
<testcase name="Authentication › should show validation errors for invalid login" classname="basic.spec.ts" time="13.02">
</testcase>
<testcase name="Accessibility › should have proper heading structure" classname="basic.spec.ts" time="8.967">
</testcase>
<testcase name="Accessibility › should have alt text for images" classname="basic.spec.ts" time="5.505">
</testcase>
<testcase name="Accessibility › should be keyboard navigable" classname="basic.spec.ts" time="7.145">
</testcase>
<testcase name="Performance › should load within reasonable time" classname="basic.spec.ts" time="2.852">
</testcase>
<testcase name="Performance › should not have console errors" classname="basic.spec.ts" time="8.162">
</testcase>
</testsuite>
<testsuite name="basic.spec.ts" timestamp="2025-07-24T07:22:35.384Z" hostname="firefox" tests="14" failures="2" skipped="0" time="194.61" errors="0">
<testcase name="Home Page › should load the home page successfully" classname="basic.spec.ts" time="14.886">
</testcase>
<testcase name="Home Page › should have working navigation" classname="basic.spec.ts" time="11.066">
</testcase>
<testcase name="Home Page › should be responsive" classname="basic.spec.ts" time="23.509">
</testcase>
<testcase name="Search Functionality › should perform basic search" classname="basic.spec.ts" time="27.194">
<failure message="basic.spec.ts:51:7 should perform basic search" type="FAILURE">
<![CDATA[  [firefox] › basic.spec.ts:51:7 › Search Functionality › should perform basic search ──────────────

    Error: expect(received).toContain(expected) // indexOf

    Expected substring: "Warsaw"
    Received string:    "http://localhost:3000/"

      65 |     // Check if we're on a results page or have results
      66 |     const currentUrl = page.url();
    > 67 |     expect(currentUrl).toContain('Warsaw');
         |                        ^
      68 |   });
      69 |
      70 |   test('should show search suggestions', async ({ page }) => {
        at /Users/ciepolml/Projects/school-finder/mc-fullpower-01/school-finder-production/tests/e2e/basic.spec.ts:67:24

    attachment #1: screenshot (image/png) ──────────────────────────────────────────────────────────
    ../../test-results/basic-Search-Functionality-should-perform-basic-search-firefox/test-failed-1.png
    ────────────────────────────────────────────────────────────────────────────────────────────────

    attachment #2: video (video/webm) ──────────────────────────────────────────────────────────────
    ../../test-results/basic-Search-Functionality-should-perform-basic-search-firefox/video.webm
    ────────────────────────────────────────────────────────────────────────────────────────────────

    Error Context: ../../test-results/basic-Search-Functionality-should-perform-basic-search-firefox/error-context.md
]]>
</failure>
<system-out>
<![CDATA[
[[ATTACHMENT|basic-Search-Functionality-should-perform-basic-search-firefox/test-failed-1.png]]

[[ATTACHMENT|basic-Search-Functionality-should-perform-basic-search-firefox/video.webm]]

[[ATTACHMENT|basic-Search-Functionality-should-perform-basic-search-firefox/error-context.md]]
]]>
</system-out>
</testcase>
<testcase name="Search Functionality › should show search suggestions" classname="basic.spec.ts" time="17.703">
</testcase>
<testcase name="School Pages › should load school listing page" classname="basic.spec.ts" time="15.258">
<failure message="basic.spec.ts:88:7 should load school listing page" type="FAILURE">
<![CDATA[  [firefox] › basic.spec.ts:88:7 › School Pages › should load school listing page ──────────────────

    Error: Timed out 5000ms waiting for expect(page).toHaveTitle(expected)

    Expected pattern: /Schools/
    Received string:  "School Finder - Znajdź idealną szkołę dla swojego dziecka"
    Call log:
      - Expect "toHaveTitle" with timeout 5000ms
        6 × unexpected value "School Finder - Znajdź idealną szkołę dla swojego dziecka"


      90 |     
      91 |     // Check if page loads
    > 92 |     await expect(page).toHaveTitle(/Schools/);
         |                        ^
      93 |     
      94 |     // Check for school cards or listings
      95 |     const schoolElements = page.locator('[data-testid="school-card"], .school-card, article');
        at /Users/ciepolml/Projects/school-finder/mc-fullpower-01/school-finder-production/tests/e2e/basic.spec.ts:92:24

    attachment #1: screenshot (image/png) ──────────────────────────────────────────────────────────
    ../../test-results/basic-School-Pages-should-load-school-listing-page-firefox/test-failed-1.png
    ────────────────────────────────────────────────────────────────────────────────────────────────

    attachment #2: video (video/webm) ──────────────────────────────────────────────────────────────
    ../../test-results/basic-School-Pages-should-load-school-listing-page-firefox/video.webm
    ────────────────────────────────────────────────────────────────────────────────────────────────

    Error Context: ../../test-results/basic-School-Pages-should-load-school-listing-page-firefox/error-context.md
]]>
</failure>
<system-out>
<![CDATA[
[[ATTACHMENT|basic-School-Pages-should-load-school-listing-page-firefox/test-failed-1.png]]

[[ATTACHMENT|basic-School-Pages-should-load-school-listing-page-firefox/video.webm]]

[[ATTACHMENT|basic-School-Pages-should-load-school-listing-page-firefox/error-context.md]]
]]>
</system-out>
</testcase>
<testcase name="School Pages › should have working filters" classname="basic.spec.ts" time="7.685">
</testcase>
<testcase name="Authentication › should navigate to login page" classname="basic.spec.ts" time="7.346">
</testcase>
<testcase name="Authentication › should show validation errors for invalid login" classname="basic.spec.ts" time="5.89">
</testcase>
<testcase name="Accessibility › should have proper heading structure" classname="basic.spec.ts" time="14.514">
</testcase>
<testcase name="Accessibility › should have alt text for images" classname="basic.spec.ts" time="26.924">
</testcase>
<testcase name="Accessibility › should be keyboard navigable" classname="basic.spec.ts" time="8.462">
</testcase>
<testcase name="Performance › should load within reasonable time" classname="basic.spec.ts" time="6.684">
</testcase>
<testcase name="Performance › should not have console errors" classname="basic.spec.ts" time="7.489">
</testcase>
</testsuite>
<testsuite name="basic.spec.ts" timestamp="2025-07-24T07:22:35.384Z" hostname="webkit" tests="14" failures="3" skipped="0" time="307.401" errors="0">
<testcase name="Home Page › should load the home page successfully" classname="basic.spec.ts" time="42.467">
<failure message="basic.spec.ts:4:7 should load the home page successfully" type="FAILURE">
<![CDATA[  [webkit] › basic.spec.ts:4:7 › Home Page › should load the home page successfully ────────────────

    Tearing down "context" exceeded the test timeout of 30000ms.

    attachment #1: screenshot (image/png) ──────────────────────────────────────────────────────────
    ../../test-results/basic-Home-Page-should-load-the-home-page-successfully-webkit/test-failed-1.png
    ────────────────────────────────────────────────────────────────────────────────────────────────
]]>
</failure>
<system-out>
<![CDATA[
[[ATTACHMENT|basic-Home-Page-should-load-the-home-page-successfully-webkit/test-failed-1.png]]
]]>
</system-out>
</testcase>
<testcase name="Home Page › should have working navigation" classname="basic.spec.ts" time="40.11">
</testcase>
<testcase name="Home Page › should be responsive" classname="basic.spec.ts" time="18.158">
</testcase>
<testcase name="Search Functionality › should perform basic search" classname="basic.spec.ts" time="29.124">
<failure message="basic.spec.ts:51:7 should perform basic search" type="FAILURE">
<![CDATA[  [webkit] › basic.spec.ts:51:7 › Search Functionality › should perform basic search ───────────────

    Error: expect(received).toContain(expected) // indexOf

    Expected substring: "Warsaw"
    Received string:    "http://localhost:3000/"

      65 |     // Check if we're on a results page or have results
      66 |     const currentUrl = page.url();
    > 67 |     expect(currentUrl).toContain('Warsaw');
         |                        ^
      68 |   });
      69 |
      70 |   test('should show search suggestions', async ({ page }) => {
        at /Users/ciepolml/Projects/school-finder/mc-fullpower-01/school-finder-production/tests/e2e/basic.spec.ts:67:24

    attachment #1: screenshot (image/png) ──────────────────────────────────────────────────────────
    ../../test-results/basic-Search-Functionality-should-perform-basic-search-webkit/test-failed-1.png
    ────────────────────────────────────────────────────────────────────────────────────────────────

    attachment #2: video (video/webm) ──────────────────────────────────────────────────────────────
    ../../test-results/basic-Search-Functionality-should-perform-basic-search-webkit/video.webm
    ────────────────────────────────────────────────────────────────────────────────────────────────

    Error Context: ../../test-results/basic-Search-Functionality-should-perform-basic-search-webkit/error-context.md
]]>
</failure>
<system-out>
<![CDATA[
[[ATTACHMENT|basic-Search-Functionality-should-perform-basic-search-webkit/test-failed-1.png]]

[[ATTACHMENT|basic-Search-Functionality-should-perform-basic-search-webkit/video.webm]]

[[ATTACHMENT|basic-Search-Functionality-should-perform-basic-search-webkit/error-context.md]]
]]>
</system-out>
</testcase>
<testcase name="Search Functionality › should show search suggestions" classname="basic.spec.ts" time="21.578">
</testcase>
<testcase name="School Pages › should load school listing page" classname="basic.spec.ts" time="32.372">
<failure message="basic.spec.ts:88:7 should load school listing page" type="FAILURE">
<![CDATA[  [webkit] › basic.spec.ts:88:7 › School Pages › should load school listing page ───────────────────

    Error: Timed out 5000ms waiting for expect(page).toHaveTitle(expected)

    Expected pattern: /Schools/
    Received string:  "School Finder - Znajdź idealną szkołę dla swojego dziecka"
    Call log:
      - Expect "toHaveTitle" with timeout 5000ms
        8 × unexpected value "School Finder - Znajdź idealną szkołę dla swojego dziecka"


      90 |     
      91 |     // Check if page loads
    > 92 |     await expect(page).toHaveTitle(/Schools/);
         |                        ^
      93 |     
      94 |     // Check for school cards or listings
      95 |     const schoolElements = page.locator('[data-testid="school-card"], .school-card, article');
        at /Users/ciepolml/Projects/school-finder/mc-fullpower-01/school-finder-production/tests/e2e/basic.spec.ts:92:24

    attachment #1: screenshot (image/png) ──────────────────────────────────────────────────────────
    ../../test-results/basic-School-Pages-should-load-school-listing-page-webkit/test-failed-1.png
    ────────────────────────────────────────────────────────────────────────────────────────────────

    attachment #2: video (video/webm) ──────────────────────────────────────────────────────────────
    ../../test-results/basic-School-Pages-should-load-school-listing-page-webkit/video.webm
    ────────────────────────────────────────────────────────────────────────────────────────────────

    Error Context: ../../test-results/basic-School-Pages-should-load-school-listing-page-webkit/error-context.md
]]>
</failure>
<system-out>
<![CDATA[
[[ATTACHMENT|basic-School-Pages-should-load-school-listing-page-webkit/test-failed-1.png]]

[[ATTACHMENT|basic-School-Pages-should-load-school-listing-page-webkit/video.webm]]

[[ATTACHMENT|basic-School-Pages-should-load-school-listing-page-webkit/error-context.md]]
]]>
</system-out>
</testcase>
<testcase name="School Pages › should have working filters" classname="basic.spec.ts" time="17.623">
</testcase>
<testcase name="Authentication › should navigate to login page" classname="basic.spec.ts" time="25.917">
</testcase>
<testcase name="Authentication › should show validation errors for invalid login" classname="basic.spec.ts" time="14.091">
</testcase>
<testcase name="Accessibility › should have proper heading structure" classname="basic.spec.ts" time="25.739">
</testcase>
<testcase name="Accessibility › should have alt text for images" classname="basic.spec.ts" time="9.007">
</testcase>
<testcase name="Accessibility › should be keyboard navigable" classname="basic.spec.ts" time="11.691">
</testcase>
<testcase name="Performance › should load within reasonable time" classname="basic.spec.ts" time="8.431">
</testcase>
<testcase name="Performance › should not have console errors" classname="basic.spec.ts" time="11.093">
</testcase>
</testsuite>
<testsuite name="basic.spec.ts" timestamp="2025-07-24T07:22:35.384Z" hostname="Mobile Chrome" tests="14" failures="4" skipped="0" time="99.753" errors="0">
<testcase name="Home Page › should load the home page successfully" classname="basic.spec.ts" time="8.504">
<failure message="basic.spec.ts:4:7 should load the home page successfully" type="FAILURE">
<![CDATA[  [Mobile Chrome] › basic.spec.ts:4:7 › Home Page › should load the home page successfully ─────────

    Error: Timed out 5000ms waiting for expect(locator).toBeVisible()

    Locator: locator('nav')
    Expected: visible
    Received: hidden
    Call log:
      - Expect "toBeVisible" with timeout 5000ms
      - waiting for locator('nav')
        9 × locator resolved to <nav data-tour="navigation" class="hidden md:flex items-center space-x-6">…</nav>
          - unexpected value "hidden"


       9 |     
      10 |     // Check for main navigation elements
    > 11 |     await expect(page.locator('nav')).toBeVisible();
         |                                       ^
      12 |     
      13 |     // Check for search functionality
      14 |     await expect(page.locator('input[type="search"], input[placeholder*="search" i]')).toBeVisible();
        at /Users/ciepolml/Projects/school-finder/mc-fullpower-01/school-finder-production/tests/e2e/basic.spec.ts:11:39

    attachment #1: screenshot (image/png) ──────────────────────────────────────────────────────────
    ../../test-results/basic-Home-Page-should-load-the-home-page-successfully-Mobile-Chrome/test-failed-1.png
    ────────────────────────────────────────────────────────────────────────────────────────────────

    attachment #2: video (video/webm) ──────────────────────────────────────────────────────────────
    ../../test-results/basic-Home-Page-should-load-the-home-page-successfully-Mobile-Chrome/video.webm
    ────────────────────────────────────────────────────────────────────────────────────────────────

    Error Context: ../../test-results/basic-Home-Page-should-load-the-home-page-successfully-Mobile-Chrome/error-context.md
]]>
</failure>
<system-out>
<![CDATA[
[[ATTACHMENT|basic-Home-Page-should-load-the-home-page-successfully-Mobile-Chrome/test-failed-1.png]]

[[ATTACHMENT|basic-Home-Page-should-load-the-home-page-successfully-Mobile-Chrome/video.webm]]

[[ATTACHMENT|basic-Home-Page-should-load-the-home-page-successfully-Mobile-Chrome/error-context.md]]
]]>
</system-out>
</testcase>
<testcase name="Home Page › should have working navigation" classname="basic.spec.ts" time="8.309">
<failure message="basic.spec.ts:17:7 should have working navigation" type="FAILURE">
<![CDATA[  [Mobile Chrome] › basic.spec.ts:17:7 › Home Page › should have working navigation ────────────────

    Error: Timed out 5000ms waiting for expect(locator).toBeVisible()

    Locator: locator('nav a').first()
    Expected: visible
    Received: hidden
    Call log:
      - Expect "toBeVisible" with timeout 5000ms
      - waiting for locator('nav a').first()
        9 × locator resolved to <a href="/search" class="text-sm font-medium hover:text-primary transition-colors">Wyszukaj</a>
          - unexpected value "hidden"


      27 |     for (let i = 0; i < Math.min(linkCount, 3); i++) {
      28 |       const link = navLinks.nth(i);
    > 29 |       await expect(link).toBeVisible();
         |                          ^
      30 |     }
      31 |   });
      32 |
        at /Users/ciepolml/Projects/school-finder/mc-fullpower-01/school-finder-production/tests/e2e/basic.spec.ts:29:26

    attachment #1: screenshot (image/png) ──────────────────────────────────────────────────────────
    ../../test-results/basic-Home-Page-should-have-working-navigation-Mobile-Chrome/test-failed-1.png
    ────────────────────────────────────────────────────────────────────────────────────────────────

    attachment #2: video (video/webm) ──────────────────────────────────────────────────────────────
    ../../test-results/basic-Home-Page-should-have-working-navigation-Mobile-Chrome/video.webm
    ────────────────────────────────────────────────────────────────────────────────────────────────

    Error Context: ../../test-results/basic-Home-Page-should-have-working-navigation-Mobile-Chrome/error-context.md
]]>
</failure>
<system-out>
<![CDATA[
[[ATTACHMENT|basic-Home-Page-should-have-working-navigation-Mobile-Chrome/test-failed-1.png]]

[[ATTACHMENT|basic-Home-Page-should-have-working-navigation-Mobile-Chrome/video.webm]]

[[ATTACHMENT|basic-Home-Page-should-have-working-navigation-Mobile-Chrome/error-context.md]]
]]>
</system-out>
</testcase>
<testcase name="Home Page › should be responsive" classname="basic.spec.ts" time="10.02">
</testcase>
<testcase name="Search Functionality › should perform basic search" classname="basic.spec.ts" time="6.403">
<failure message="basic.spec.ts:51:7 should perform basic search" type="FAILURE">
<![CDATA[  [Mobile Chrome] › basic.spec.ts:51:7 › Search Functionality › should perform basic search ────────

    Error: expect(received).toContain(expected) // indexOf

    Expected substring: "Warsaw"
    Received string:    "http://localhost:3000/"

      65 |     // Check if we're on a results page or have results
      66 |     const currentUrl = page.url();
    > 67 |     expect(currentUrl).toContain('Warsaw');
         |                        ^
      68 |   });
      69 |
      70 |   test('should show search suggestions', async ({ page }) => {
        at /Users/ciepolml/Projects/school-finder/mc-fullpower-01/school-finder-production/tests/e2e/basic.spec.ts:67:24

    attachment #1: screenshot (image/png) ──────────────────────────────────────────────────────────
    ../../test-results/basic-Search-Functionality-should-perform-basic-search-Mobile-Chrome/test-failed-1.png
    ────────────────────────────────────────────────────────────────────────────────────────────────

    attachment #2: video (video/webm) ──────────────────────────────────────────────────────────────
    ../../test-results/basic-Search-Functionality-should-perform-basic-search-Mobile-Chrome/video.webm
    ────────────────────────────────────────────────────────────────────────────────────────────────

    Error Context: ../../test-results/basic-Search-Functionality-should-perform-basic-search-Mobile-Chrome/error-context.md
]]>
</failure>
<system-out>
<![CDATA[
[[ATTACHMENT|basic-Search-Functionality-should-perform-basic-search-Mobile-Chrome/test-failed-1.png]]

[[ATTACHMENT|basic-Search-Functionality-should-perform-basic-search-Mobile-Chrome/video.webm]]

[[ATTACHMENT|basic-Search-Functionality-should-perform-basic-search-Mobile-Chrome/error-context.md]]
]]>
</system-out>
</testcase>
<testcase name="Search Functionality › should show search suggestions" classname="basic.spec.ts" time="4.412">
</testcase>
<testcase name="School Pages › should load school listing page" classname="basic.spec.ts" time="9.965">
<failure message="basic.spec.ts:88:7 should load school listing page" type="FAILURE">
<![CDATA[  [Mobile Chrome] › basic.spec.ts:88:7 › School Pages › should load school listing page ────────────

    Error: Timed out 5000ms waiting for expect(page).toHaveTitle(expected)

    Expected pattern: /Schools/
    Received string:  "School Finder - Znajdź idealną szkołę dla swojego dziecka"
    Call log:
      - Expect "toHaveTitle" with timeout 5000ms
        8 × unexpected value "School Finder - Znajdź idealną szkołę dla swojego dziecka"


      90 |     
      91 |     // Check if page loads
    > 92 |     await expect(page).toHaveTitle(/Schools/);
         |                        ^
      93 |     
      94 |     // Check for school cards or listings
      95 |     const schoolElements = page.locator('[data-testid="school-card"], .school-card, article');
        at /Users/ciepolml/Projects/school-finder/mc-fullpower-01/school-finder-production/tests/e2e/basic.spec.ts:92:24

    attachment #1: screenshot (image/png) ──────────────────────────────────────────────────────────
    ../../test-results/basic-School-Pages-should-load-school-listing-page-Mobile-Chrome/test-failed-1.png
    ────────────────────────────────────────────────────────────────────────────────────────────────

    attachment #2: video (video/webm) ──────────────────────────────────────────────────────────────
    ../../test-results/basic-School-Pages-should-load-school-listing-page-Mobile-Chrome/video.webm
    ────────────────────────────────────────────────────────────────────────────────────────────────

    Error Context: ../../test-results/basic-School-Pages-should-load-school-listing-page-Mobile-Chrome/error-context.md
]]>
</failure>
<system-out>
<![CDATA[
[[ATTACHMENT|basic-School-Pages-should-load-school-listing-page-Mobile-Chrome/test-failed-1.png]]

[[ATTACHMENT|basic-School-Pages-should-load-school-listing-page-Mobile-Chrome/video.webm]]

[[ATTACHMENT|basic-School-Pages-should-load-school-listing-page-Mobile-Chrome/error-context.md]]
]]>
</system-out>
</testcase>
<testcase name="School Pages › should have working filters" classname="basic.spec.ts" time="10.075">
</testcase>
<testcase name="Authentication › should navigate to login page" classname="basic.spec.ts" time="10.241">
</testcase>
<testcase name="Authentication › should show validation errors for invalid login" classname="basic.spec.ts" time="1.914">
</testcase>
<testcase name="Accessibility › should have proper heading structure" classname="basic.spec.ts" time="4.535">
</testcase>
<testcase name="Accessibility › should have alt text for images" classname="basic.spec.ts" time="9.487">
</testcase>
<testcase name="Accessibility › should be keyboard navigable" classname="basic.spec.ts" time="4.95">
</testcase>
<testcase name="Performance › should load within reasonable time" classname="basic.spec.ts" time="4.42">
</testcase>
<testcase name="Performance › should not have console errors" classname="basic.spec.ts" time="6.518">
</testcase>
</testsuite>
<testsuite name="basic.spec.ts" timestamp="2025-07-24T07:22:35.384Z" hostname="Mobile Safari" tests="14" failures="4" skipped="0" time="111.255" errors="0">
<testcase name="Home Page › should load the home page successfully" classname="basic.spec.ts" time="14.579">
<failure message="basic.spec.ts:4:7 should load the home page successfully" type="FAILURE">
<![CDATA[  [Mobile Safari] › basic.spec.ts:4:7 › Home Page › should load the home page successfully ─────────

    Error: Timed out 5000ms waiting for expect(locator).toBeVisible()

    Locator: locator('nav')
    Expected: visible
    Received: hidden
    Call log:
      - Expect "toBeVisible" with timeout 5000ms
      - waiting for locator('nav')
        8 × locator resolved to <nav data-tour="navigation" class="hidden md:flex items-center space-x-6">…</nav>
          - unexpected value "hidden"


       9 |     
      10 |     // Check for main navigation elements
    > 11 |     await expect(page.locator('nav')).toBeVisible();
         |                                       ^
      12 |     
      13 |     // Check for search functionality
      14 |     await expect(page.locator('input[type="search"], input[placeholder*="search" i]')).toBeVisible();
        at /Users/ciepolml/Projects/school-finder/mc-fullpower-01/school-finder-production/tests/e2e/basic.spec.ts:11:39

    attachment #1: screenshot (image/png) ──────────────────────────────────────────────────────────
    ../../test-results/basic-Home-Page-should-load-the-home-page-successfully-Mobile-Safari/test-failed-1.png
    ────────────────────────────────────────────────────────────────────────────────────────────────

    attachment #2: video (video/webm) ──────────────────────────────────────────────────────────────
    ../../test-results/basic-Home-Page-should-load-the-home-page-successfully-Mobile-Safari/video.webm
    ────────────────────────────────────────────────────────────────────────────────────────────────

    Error Context: ../../test-results/basic-Home-Page-should-load-the-home-page-successfully-Mobile-Safari/error-context.md
]]>
</failure>
<system-out>
<![CDATA[
[[ATTACHMENT|basic-Home-Page-should-load-the-home-page-successfully-Mobile-Safari/test-failed-1.png]]

[[ATTACHMENT|basic-Home-Page-should-load-the-home-page-successfully-Mobile-Safari/video.webm]]

[[ATTACHMENT|basic-Home-Page-should-load-the-home-page-successfully-Mobile-Safari/error-context.md]]
]]>
</system-out>
</testcase>
<testcase name="Home Page › should have working navigation" classname="basic.spec.ts" time="14.043">
<failure message="basic.spec.ts:17:7 should have working navigation" type="FAILURE">
<![CDATA[  [Mobile Safari] › basic.spec.ts:17:7 › Home Page › should have working navigation ────────────────

    Error: Timed out 5000ms waiting for expect(locator).toBeVisible()

    Locator: locator('nav a').first()
    Expected: visible
    Received: hidden
    Call log:
      - Expect "toBeVisible" with timeout 5000ms
      - waiting for locator('nav a').first()
        8 × locator resolved to <a href="/search" class="text-sm font-medium hover:text-primary transition-colors">Wyszukaj</a>
          - unexpected value "hidden"


      27 |     for (let i = 0; i < Math.min(linkCount, 3); i++) {
      28 |       const link = navLinks.nth(i);
    > 29 |       await expect(link).toBeVisible();
         |                          ^
      30 |     }
      31 |   });
      32 |
        at /Users/ciepolml/Projects/school-finder/mc-fullpower-01/school-finder-production/tests/e2e/basic.spec.ts:29:26

    attachment #1: screenshot (image/png) ──────────────────────────────────────────────────────────
    ../../test-results/basic-Home-Page-should-have-working-navigation-Mobile-Safari/test-failed-1.png
    ────────────────────────────────────────────────────────────────────────────────────────────────

    attachment #2: video (video/webm) ──────────────────────────────────────────────────────────────
    ../../test-results/basic-Home-Page-should-have-working-navigation-Mobile-Safari/video.webm
    ────────────────────────────────────────────────────────────────────────────────────────────────

    Error Context: ../../test-results/basic-Home-Page-should-have-working-navigation-Mobile-Safari/error-context.md
]]>
</failure>
<system-out>
<![CDATA[
[[ATTACHMENT|basic-Home-Page-should-have-working-navigation-Mobile-Safari/test-failed-1.png]]

[[ATTACHMENT|basic-Home-Page-should-have-working-navigation-Mobile-Safari/video.webm]]

[[ATTACHMENT|basic-Home-Page-should-have-working-navigation-Mobile-Safari/error-context.md]]
]]>
</system-out>
</testcase>
<testcase name="Home Page › should be responsive" classname="basic.spec.ts" time="23.556">
</testcase>
<testcase name="Search Functionality › should perform basic search" classname="basic.spec.ts" time="12.468">
<failure message="basic.spec.ts:51:7 should perform basic search" type="FAILURE">
<![CDATA[  [Mobile Safari] › basic.spec.ts:51:7 › Search Functionality › should perform basic search ────────

    Error: expect(received).toContain(expected) // indexOf

    Expected substring: "Warsaw"
    Received string:    "http://localhost:3000/"

      65 |     // Check if we're on a results page or have results
      66 |     const currentUrl = page.url();
    > 67 |     expect(currentUrl).toContain('Warsaw');
         |                        ^
      68 |   });
      69 |
      70 |   test('should show search suggestions', async ({ page }) => {
        at /Users/ciepolml/Projects/school-finder/mc-fullpower-01/school-finder-production/tests/e2e/basic.spec.ts:67:24

    attachment #1: screenshot (image/png) ──────────────────────────────────────────────────────────
    ../../test-results/basic-Search-Functionality-should-perform-basic-search-Mobile-Safari/test-failed-1.png
    ────────────────────────────────────────────────────────────────────────────────────────────────

    attachment #2: video (video/webm) ──────────────────────────────────────────────────────────────
    ../../test-results/basic-Search-Functionality-should-perform-basic-search-Mobile-Safari/video.webm
    ────────────────────────────────────────────────────────────────────────────────────────────────

    Error Context: ../../test-results/basic-Search-Functionality-should-perform-basic-search-Mobile-Safari/error-context.md
]]>
</failure>
<system-out>
<![CDATA[
[[ATTACHMENT|basic-Search-Functionality-should-perform-basic-search-Mobile-Safari/test-failed-1.png]]

[[ATTACHMENT|basic-Search-Functionality-should-perform-basic-search-Mobile-Safari/video.webm]]

[[ATTACHMENT|basic-Search-Functionality-should-perform-basic-search-Mobile-Safari/error-context.md]]
]]>
</system-out>
</testcase>
<testcase name="Search Functionality › should show search suggestions" classname="basic.spec.ts" time="5.918">
</testcase>
<testcase name="School Pages › should load school listing page" classname="basic.spec.ts" time="8.845">
<failure message="basic.spec.ts:88:7 should load school listing page" type="FAILURE">
<![CDATA[  [Mobile Safari] › basic.spec.ts:88:7 › School Pages › should load school listing page ────────────

    Error: Timed out 5000ms waiting for expect(page).toHaveTitle(expected)

    Expected pattern: /Schools/
    Received string:  "School Finder - Znajdź idealną szkołę dla swojego dziecka"
    Call log:
      - Expect "toHaveTitle" with timeout 5000ms
        8 × unexpected value "School Finder - Znajdź idealną szkołę dla swojego dziecka"


      90 |     
      91 |     // Check if page loads
    > 92 |     await expect(page).toHaveTitle(/Schools/);
         |                        ^
      93 |     
      94 |     // Check for school cards or listings
      95 |     const schoolElements = page.locator('[data-testid="school-card"], .school-card, article');
        at /Users/ciepolml/Projects/school-finder/mc-fullpower-01/school-finder-production/tests/e2e/basic.spec.ts:92:24

    attachment #1: screenshot (image/png) ──────────────────────────────────────────────────────────
    ../../test-results/basic-School-Pages-should-load-school-listing-page-Mobile-Safari/test-failed-1.png
    ────────────────────────────────────────────────────────────────────────────────────────────────

    attachment #2: video (video/webm) ──────────────────────────────────────────────────────────────
    ../../test-results/basic-School-Pages-should-load-school-listing-page-Mobile-Safari/video.webm
    ────────────────────────────────────────────────────────────────────────────────────────────────

    Error Context: ../../test-results/basic-School-Pages-should-load-school-listing-page-Mobile-Safari/error-context.md
]]>
</failure>
<system-out>
<![CDATA[
[[ATTACHMENT|basic-School-Pages-should-load-school-listing-page-Mobile-Safari/test-failed-1.png]]

[[ATTACHMENT|basic-School-Pages-should-load-school-listing-page-Mobile-Safari/video.webm]]

[[ATTACHMENT|basic-School-Pages-should-load-school-listing-page-Mobile-Safari/error-context.md]]
]]>
</system-out>
</testcase>
<testcase name="School Pages › should have working filters" classname="basic.spec.ts" time="4.647">
</testcase>
<testcase name="Authentication › should navigate to login page" classname="basic.spec.ts" time="4.559">
</testcase>
<testcase name="Authentication › should show validation errors for invalid login" classname="basic.spec.ts" time="3.197">
</testcase>
<testcase name="Accessibility › should have proper heading structure" classname="basic.spec.ts" time="3.719">
</testcase>
<testcase name="Accessibility › should have alt text for images" classname="basic.spec.ts" time="3.391">
</testcase>
<testcase name="Accessibility › should be keyboard navigable" classname="basic.spec.ts" time="3.483">
</testcase>
<testcase name="Performance › should load within reasonable time" classname="basic.spec.ts" time="3.207">
</testcase>
<testcase name="Performance › should not have console errors" classname="basic.spec.ts" time="5.643">
</testcase>
</testsuite>
</testsuites>